// Vitest Snapshot v1, https://vitest.dev/guide/snapshot.html

exports[`golden: argument domain and edges > every known divergence, every JS-only input, and the runtime shapes 1`] = `
[
  "and captures → paths=[4d303dac] captures{a=[4d303dac];b=[4d303dac]}",
  "and captures on a node → paths=[b8d857f6] captures{a=[b8d857f6];b=[b8d857f6]}",
  "and under search → paths=[b8d857f6|b8d857f6,13941b48|b8d857f6,4012caf2,db7dd21c|b8d857f6,4012caf2,afb8122e|b8d857f6,78d666eb,db7dd21c|b8d857f6,78d666eb,13b74194] captures{a=[b8d857f6|13941b48|db7dd21c|afb8122e|db7dd21c|13b74194];b=[b8d857f6|13941b48|db7dd21c|afb8122e|db7dd21c|13b74194]}",
  "and extends paths → paths=[4abc3113,4bf5122f|4abc3113,dbc1b4c9|4abc3113,084fed08]",
  "and then number → paths=[4abc3113,4bf5122f|4abc3113,dbc1b4c9|4abc3113,084fed08]",
  "any and search → paths=[4abc3113,4bf5122f|4abc3113,dbc1b4c9|4abc3113,084fed08]",
  "and map captures → paths=[64853764] captures{k=[64853764,961b6dd3];v=[64853764,4bf5122f]}",
  "or multiplicity → paths=[4d303dac|4d303dac]",
  "or three → paths=[b8d857f6|b8d857f6|b8d857f6]",
  "or captures → paths=[4d303dac|4d303dac] captures{a=[4d303dac];b=[4d303dac]}",
  "or capture inner → paths=[4d303dac|4d303dac] captures{x=[4d303dac|4d303dac]}",
  "or under search → paths=[b8d857f6|b8d857f6,13941b48|b8d857f6,4012caf2|b8d857f6,4012caf2,db7dd21c|b8d857f6,4012caf2,afb8122e|b8d857f6,78d666eb|b8d857f6,78d666eb,db7dd21c|b8d857f6,78d666eb,13b74194] captures{a=[b8d857f6|13941b48|4012caf2|db7dd21c|afb8122e|78d666eb|db7dd21c|13b74194];b=[b8d857f6|13941b48|4012caf2|db7dd21c|afb8122e|78d666eb|db7dd21c|13b74194]}",
  "text or text → paths=[4d303dac|4d303dac]",
  "group one → paths=[]",
  "group one one → paths=[]",
  "bare group → paths=[4d303dac]",
  "map display → {"a": 1}",
  "map any display → {"a": *}",
  "map capture display → {@k("a"): @v(*)}",
  "map and map display → {"a": 1} & map",
  "map matches nested → paths=[]",
  "map matches ab → paths=[64853764]",
  "map capture → paths=[49db85a0]",
  "map length display → {{1,2}}",
  "search under subj → paths=[13941b48] captures{c=[13941b48]}",
  "search under unwrap → paths=[9e3b0673,b8d857f6|9e3b0673,b8d857f6,13941b48|9e3b0673,b8d857f6,4012caf2,db7dd21c|9e3b0673,b8d857f6,4012caf2,afb8122e|9e3b0673,b8d857f6,78d666eb,db7dd21c|9e3b0673,b8d857f6,78d666eb,13b74194] captures{c=[b8d857f6|13941b48|db7dd21c|afb8122e|db7dd21c|13b74194]}",
  "three-way or under subj → paths=[b8d857f6,13941b48]",
  "three-way or top → paths=[b8d857f6]",
  "map captures then traverse → paths=[64853764] captures{k=[64853764,961b6dd3];v=[64853764,4bf5122f]}",
  "array captures then traverse → paths=[94f3e3eb] captures{a=[94f3e3eb,4bf5122f];b=[94f3e3eb,dbc1b4c9]}",
  "search captures then traverse → paths=[4abc3113,4bf5122f|4abc3113,dbc1b4c9|4abc3113,084fed08] captures{x=[4abc3113,4bf5122f|4abc3113,dbc1b4c9|4abc3113,084fed08]}",
  "outer capture then traverse → paths=[94f3e3eb] captures{x=[94f3e3eb];y=[]}",
  "capture under structure in search → paths=[b8d857f6,13941b48|b8d857f6,4012caf2,db7dd21c|b8d857f6,4012caf2,afb8122e|b8d857f6,78d666eb,db7dd21c|b8d857f6,78d666eb,13b74194] captures{c=[13941b48|db7dd21c|afb8122e|db7dd21c|13b74194]}",
  "tagged capture → paths=[7a202a82]",
  "tagged search → paths=[04b7d28c|04b7d28c]",
  "tagged search then text → paths=[]",
  "tagged array captures → paths=[04b7d28c]",
  "cbor tagged capture → paths=[7a202a82] captures{c=[7a202a82,5b96f964]}",
  "parse text $ → throw:UnrecognizedToken@5-6",
  "parse -text → throw:UnrecognizedToken@0-1",
  "parse obj(text $) → throw:UnrecognizedToken@9-10",
  "parse 1. → throw:UnrecognizedToken@1-2",
  "parse .5 → throw:UnrecognizedToken@0-1",
  "parse $ → throw:UnrecognizedToken@0-1",
  "parse # → throw:UnrecognizedToken@0-1",
  "parse } → throw:UnrecognizedToken@0-1",
  "parse @ → throw:UnrecognizedToken@0-1",
  "parse @é(*) → throw:UnrecognizedToken@0-1",
  "parse text -> $ → throw:UnrecognizedToken@8-9",
  "parse > =5 → throw:UnrecognizedToken@2-3",
  "parse @name-x(text) → throw:UnrecognizedToken@5-6",
  "parse text ; text → throw:UnrecognizedToken@5-6",
  "parse subj(text)x → throw:UnrecognizedToken@10-11",
  "parse '/abc/x' → throw:UnrecognizedToken@6-7",
  "parse -Infinityx → throw:UnrecognizedToken@9-10",
  "parse nodes → throw:UnrecognizedToken@4-5",
  "parse nodetext → throw:ExtraData@4-8",
  "parse true1 → throw:ExtraData@4-5",
  "parse known1 → throw:ExtraData@5-6",
  "parse text123 → throw:ExtraData@4-7",
  "parse search(foo) → throw:UnrecognizedToken@7-8",
  "parse node foo → throw:UnrecognizedToken@5-6",
  "parse digest(abcd ef) → throw:UnrecognizedToken@12-13",
  "parse 1e3 → throw:UnrecognizedToken@1-2",
  "parse 1E3 → throw:UnrecognizedToken@1-2",
  "parse 1e-7 → throw:UnrecognizedToken@1-2",
  "parse 1e21 → throw:UnrecognizedToken@1-2",
  "parse 1e400 → throw:UnrecognizedToken@1-2",
  "parse 1e5 -> text → throw:UnrecognizedToken@1-2",
  "parse 1e → throw:UnrecognizedToken@1-2",
  "parse 1.5e → throw:UnrecognizedToken@3-4",
  "parse 007 → throw:ExtraData@1-2",
  "parse -0.0 → -0",
  "parse 0.0000001 → 0.0000001",
  "parse (text){99999999999999999999} → throw:InvalidRange@6-7",
  "parse node(1) → throw:UnexpectedToken(Integer)@5-6",
  "parse node(5) → throw:UnexpectedToken(Integer)@5-6",
  "parse cbor(1 2) → throw:UnexpectedToken(Integer)@7-8",
  "parse tagged(1) → tagged(1, *)",
  "parse tagged(date) → tagged(date, *)",
  "parse tagged(/^a/) → tagged(/^a/, *)",
  "parse tagged(foo text) → throw:UnexpectedToken(TextKeyword)@11-15",
  "parse tagged(1 → throw:ExpectedCloseParen@8-8",
  "parse tagged(1, ")") → throw:UnexpectedToken(StringLiteral)@10-13",
  "parse @(text) → throw:UnrecognizedToken@0-1",
  "parse @(*) → throw:UnrecognizedToken@0-1",
  "parse @1x(text) → throw:UnrecognizedToken@0-1",
  "parse @1a(*) → throw:UnrecognizedToken@0-1",
  "parse '+5' → '5'",
  "parse tagged(+1, *) → tagged(1, *)",
  "parse date'2023-06-15 ' → date'2023-06-15'",
  "parse cbor(/ number /) → cbor(/number/)",
  "parse date'bogus' → throw:InvalidDateFormat@5-10",
  "parse text | date'bogus' → throw:InvalidDateFormat@12-17",
  "parse date'/[/' → throw:InvalidRegex@5-8",
  "parse date'a...b...c' → throw:InvalidDateFormat@5-14",
  "parse digest(abc) → throw:InvalidHexString@10-10",
  "parse digest() → throw:InvalidHexString@7-7",
  "parse digest(ur:digest/bad) → throw:InvalidUr@20-20",
  "parse "é" → "é"",
  "parse "😀" → "😀"",
  "parse h'/é/' → h'/é/'",
  "parse '/é/' → '/é/'",
  "parse date'/' → throw:InvalidDateFormat@5-6",
  "parse // → //",
  "parse /(?i)a/ → /(?i)a/",
  "parse /(?P<n>a)/ → /(?P<n>a)/",
  "parse /(?=a)/ → throw:InvalidRegex@0-7",
  "parse /(?<=a)b/ → throw:InvalidRegex@0-9",
  "parse /(a)\\1/ → throw:InvalidRegex@0-7",
  "parse /\\h/ → throw:InvalidRegex@0-4",
  "parse h'/(?-u)\\xff/' → h'/(?-u)\\xff/'",
  "parse [1, 2] -> text → throw:InvalidPattern@1-14",
  "parse unit → throw:UnrecognizedToken@0-1",
  "parse traverse() → throw:UnrecognizedToken@0-1",
  "parse digest → cbor(/digest/)",
  "parse [*] → array",
  "parse [1, 2] → [1, 2]",
  "parse map → map",
  "parse {{2}} → {{2}}",
  "parse array → array",
  "search 1 on isA → paths=[2be2d79b,4bf5122f]",
  "search number on isA → paths=[2be2d79b,4bf5122f]",
  "2^60 leaf → paths=[842c2b9a]",
  "capture on isA → paths=[2be2d79b,4bf5122f] captures{x=[2be2d79b,2be2d79b,4bf5122f]}",
  "capture on isA node → paths=[f4737e3e,4bf5122f] captures{x=[f4737e3e,2be2d79b,4bf5122f]}",
  "search duplicates → paths=[ab5de021,4bf5122f]",
  "non-ascii literal → paths=[701813d6]",
  "format known value → f4737e3e NODE 'isA' [ "note": "n" ]
    2be2d79b KNOWN_VALUE 'isA'",
  "format unit date → ",
  "format truncated emoji → 706e12e2 LE…",
  "cbor nested display → cbor([[1, 2]])",
  "cbor map display → cbor({1: [3]})",
  "cbor date display → cbor(1(1(1686787200)))",
  "traverse empty → !*",
  "and empty → throw:RangeError",
  "or empty → throw:RangeError",
  "display empty object → throw:TypeError",
  "depth 3000 parens → throw:RangeError",
  "depth 3000 search → throw:RangeError",
  "domain parse-undefined → throw:TypeError",
  "domain parse-number → throw:TypeError",
  "domain try-parse-undefined → throw:TypeError",
  "domain paths-haystack-undefined → throw:TypeError",
  "domain paths-haystack-plain-object → throw:TypeError",
  "domain paths-haystack-string → throw:TypeError",
  "domain paths-haystack-cbor → throw:TypeError",
  "domain matches-pattern-undefined → throw:TypeError",
  "domain matches-pattern-plain-object → throw:TypeError",
  "domain display-undefined → throw:TypeError",
  "domain display-plain-object → throw:TypeError",
  "domain frozen-pattern → true",
  "domain frozen-pattern-inner → true",
  "domain frozen-error-codes → true",
  "domain frozen-reluctance → false",
  "domain frozen-result → true",
  "domain frozen-result-paths → true",
  "domain frozen-error-details → true",
  "domain mutate-paths → 2",
  "domain capture-name-space → throw:RangeError",
  "domain capture-name-empty → throw:RangeError",
  "domain and-empty → throw:RangeError",
  "domain or-empty → throw:RangeError",
  "domain traverse-empty → !*",
  "domain number-string → throw:TypeError",
  "domain number-nan → throw:RangeError",
  "domain number-negative-zero → -0",
  "domain number-1e21 → 1000000000000000000000",
  "domain number-2^60 → 1152921504606847000",
  "domain number-range-inverted → throw:RangeError",
  "domain text-number → throw:TypeError",
  "domain text-regex-string → /x/",
  "domain text-regex-global → throw:TypeError",
  "domain text-regex-i → /(?i)X/",
  "domain date-string → throw:TypeError",
  "domain date-js-date → throw:TypeError",
  "domain date-cbor-date → date'2023-06-15'",
  "domain known-value-number → '1'",
  "domain known-value-string → 'isA'",
  "domain tagged-number → throw:TypeError",
  "domain tagged-string → tagged(date, *)",
  "domain digest-prefix-string → throw:TypeError",
  "domain digest-prefix-33-bytes → throw:RangeError",
  "domain digest-string → throw:TypeError",
  "domain repeat-object-quantifier → throw:TypeError",
  "domain repeat-quantifier → (*){2,5}",
  "domain quantifier-inverted → throw:RangeError",
  "domain interval-inverted → throw:RangeError",
  "domain cbor-kind-object → cbor({"kind": "x"})",
  "domain format-paths-undefined → throw:TypeError",
  "domain format-element-bogus → throw:RangeError",
  "domain format-max-length-negative → throw:RangeError",
  "domain format-max-length-fraction → throw:RangeError",
  "domain nest-400-parens → 1",
  "domain nest-501-parens → 1",
  "domain nest-501-search → 4009",
  "domain nest-501-not → 502",
  "domain nest-1000-parens → 1",
  "domain max-depth-option → throw:NestingTooDeep@1-2",
  "domain max-depth-option-ok → *",
  "domain max-depth-zero → throw:RangeError",
  "domain error-message → Expected closing bracket",
  "domain error-full-message → line 1: Expected closing parenthesis
subj(text
         ^",
  "domain error-own-keys → code,details,name",
  "domain error-details → {"code":"UnrecognizedToken","span":{"start":5,"end":6}}",
  "domain error-unexpected-token-details → UnexpectedToken:Integer:2",
  "domain error-is → false",
  "domain error-codes → EmptyInput,UnexpectedEndOfInput,ExtraData,UnexpectedToken,UnrecognizedToken,InvalidRegex,UnterminatedRegex,InvalidRange,InvalidHexString,InvalidDateFormat,InvalidNumberFormat,InvalidUr,ExpectedOpenParen,ExpectedCloseParen,ExpectedOpenBracket,ExpectedCloseBracket,ExpectedPattern,UnmatchedParentheses,UnmatchedBraces,InvalidCaptureGroupName,InvalidPattern,NestingTooDeep",
  "domain error-constructor → throw:TypeError",
  "domain prefix-text-foo → absent",
  "domain prefix-text-paren → absent",
  "domain prefix-map → absent",
  "domain exports → EnvelopePatternError,EnvelopePatternErrorCode,Interval,Quantifier,Reluctance,and,any,anyArray,anyAssertion,anyBool,anyByteString,anyCbor,anyDate,anyKnownValue,anyMap,anyNode,anyNumber,anyObject,anyPredicate,anySubject,anyTag,anyText,arrayWithCount,arrayWithRange,assertionWithObject,assertionWithPredicate,bool,byteString,byteStringBinaryRegex,capture,cbor,compressed,date,dateEarliest,dateIso8601,dateLatest,dateRange,dateRegex,digest,digestBinaryRegex,digestPrefix,display,elided,encrypted,group,knownValue,knownValueNamed,knownValueRegex,leaf,mapWithCount,mapWithRange,matches,nodeWithAssertionsCount,nodeWithAssertionsRange,notMatching,nullValue,number,numberGreaterThan,numberGreaterThanOrEqual,numberLessThan,numberLessThanOrEqual,numberNaN,numberRange,object,obscured,or,parseEnvelopePattern,paths,pathsWithCaptures,patternEquals,predicate,repeat,search,span,subject,tagged,taggedName,taggedRegex,text,textRegex,traverse,tryParseEnvelopePattern,unit,unwrap,wrapped",
  "domain pattern-equals → true",
  "domain search-captures-shape → paths=[6d2f7b7e,66ca3e75,7f83f7bd] captures{n=[7f83f7bd]}",
]
`;
