// Vitest Snapshot v1, https://vitest.dev/guide/snapshot.html

exports[`properties > a capture-free pattern yields the same paths with and without captures 1`] = `[]`;

exports[`properties > display is a fixpoint for generated patterns 1`] = `
[
  "cbor(/@n(number)/) & {{1,2}}: does not re-parse",
  "/(?i)abc/ | {{1,2}} & cbor(/@n(number)/) | {"a": *}: does not re-parse",
]
`;

exports[`properties > display re-parses to the same display 1`] = `
[
  "cbor(/(number){1}/) & !bool: does not re-parse",
  "-0: re-parses as 0",
]
`;

exports[`properties > every capture path starts at the root or one of its elements 1`] = `
[
  "@a(cbor(/{@k(*): @v(*)}/)) -> *: a empty",
  "@cap((wrapped -> unwrap)*) -> node: cap empty",
  "@cap((wrapped -> unwrap)*) -> node: cap empty",
  "@cap((wrapped -> unwrap)*) -> node: cap empty",
  "@cap((wrapped -> unwrap)*) -> node: cap empty",
  "@cap((wrapped -> unwrap)*) -> node: cap empty",
  "@w(wrapped) -> @u(unwrap): w empty",
  "@y(cbor(/@x([*, *])/)) -> *: y empty",
  "search(@a(*) | @b(*)): a starts at 2be2d79b",
  "search(@a(*) | @b(*)): a starts at 9bad2e1f",
  "search(@a(*) | @b(*)): a starts at 0694f835",
  "search(@a(*) | @b(*)): a starts at 922067f9",
  "search(@a(*) | @b(*)): a starts at d2296f6e",
  "search(@a(*) | @b(*)): a starts at f89d325a",
  "search(@a(*) | @b(*)): a starts at 0f23a8ee",
  "search(@a(*) | @b(*)): a starts at 7f83f7bd",
  "search(@a(*) | @b(*)): b starts at 2be2d79b",
  "search(@a(*) | @b(*)): b starts at 9bad2e1f",
  "search(@a(*) | @b(*)): b starts at 0694f835",
  "search(@a(*) | @b(*)): b starts at 922067f9",
  "search(@a(*) | @b(*)): b starts at d2296f6e",
  "search(@a(*) | @b(*)): b starts at f89d325a",
  "search(@a(*) | @b(*)): b starts at 0f23a8ee",
  "search(@a(*) | @b(*)): b starts at 7f83f7bd",
  "search(@a(*) | @b(*)): a starts at 33bfa2a2",
  "search(@a(*) | @b(*)): a starts at ea325d76",
  "search(@a(*) | @b(*)): b starts at 33bfa2a2",
  "search(@a(*) | @b(*)): b starts at ea325d76",
  "search(@a(*) | @b(*)): a starts at 7978f506",
  "search(@a(*) | @b(*)): a starts at 14a206c0",
  "search(@a(*) | @b(*)): a starts at 2dd41130",
  "search(@a(*) | @b(*)): a starts at 81ff2c2b",
  "search(@a(*) | @b(*)): a starts at dd9603a1",
  "search(@a(*) | @b(*)): a starts at 4bf5122f",
  "search(@a(*) | @b(*)): b starts at 7978f506",
  "search(@a(*) | @b(*)): b starts at 14a206c0",
  "search(@a(*) | @b(*)): b starts at 2dd41130",
  "search(@a(*) | @b(*)): b starts at 81ff2c2b",
  "search(@a(*) | @b(*)): b starts at dd9603a1",
  "search(@a(*) | @b(*)): b starts at 4bf5122f",
  "search(@a(*) | @b(*)): a starts at db7dd21c",
  "search(@a(*) | @b(*)): a starts at afb8122e",
  "search(@a(*) | @b(*)): a starts at db7dd21c",
  "search(@a(*) | @b(*)): a starts at 13b74194",
  "search(@a(*) | @b(*)): b starts at db7dd21c",
  "search(@a(*) | @b(*)): b starts at afb8122e",
  "search(@a(*) | @b(*)): b starts at db7dd21c",
  "search(@a(*) | @b(*)): b starts at 13b74194",
  "search(@a(*) | @b(*)): a starts at db7dd21c",
  "search(@a(*) | @b(*)): a starts at afb8122e",
  "search(@a(*) | @b(*)): a starts at db7dd21c",
  "search(@a(*) | @b(*)): a starts at 13b74194",
  "search(@a(*) | @b(*)): b starts at db7dd21c",
  "search(@a(*) | @b(*)): b starts at afb8122e",
  "search(@a(*) | @b(*)): b starts at db7dd21c",
  "search(@a(*) | @b(*)): b starts at 13b74194",
  "search(@a(*) | @b(*)): a starts at 10d3de01",
  "search(@a(*) | @b(*)): a starts at 1f9ff098",
  "search(@a(*) | @b(*)): a starts at 9e3bff3a",
  "search(@a(*) | @b(*)): a starts at 21c21808",
  "search(@a(*) | @b(*)): a starts at 36c254d0",
  "search(@a(*) | @b(*)): a starts at 6e5d379f",
  "search(@a(*) | @b(*)): a starts at 639ae9bf",
  "search(@a(*) | @b(*)): a starts at 3c114201",
  "search(@a(*) | @b(*)): a starts at 5f82a16a",
  "search(@a(*) | @b(*)): a starts at fe4d5230",
  "search(@a(*) | @b(*)): a starts at 4a9b2e4d",
  "search(@a(*) | @b(*)): a starts at 222afe69",
  "search(@a(*) | @b(*)): a starts at cb67f31d",
  "search(@a(*) | @b(*)): a starts at 4d67bba0",
  "search(@a(*) | @b(*)): a starts at 2be2d79b",
  "search(@a(*) | @b(*)): a starts at 051beee6",
  "search(@a(*) | @b(*)): a starts at 5171cbaf",
  "search(@a(*) | @b(*)): a starts at 3976ef74",
  "search(@a(*) | @b(*)): a starts at 231b8527",
  "search(@a(*) | @b(*)): a starts at 54b3e1e7",
  "search(@a(*) | @b(*)): a starts at f13aa855",
  "search(@a(*) | @b(*)): a starts at dc0e9c36",
  "search(@a(*) | @b(*)): a starts at 5dc6d4e3",
  "search(@a(*) | @b(*)): a starts at 4395643b",
  "search(@a(*) | @b(*)): a starts at d6d0b768",
  "search(@a(*) | @b(*)): a starts at 68895d8e",
  "search(@a(*) | @b(*)): a starts at e6bf4dd3",
  "search(@a(*) | @b(*)): a starts at 543fcc09",
  "search(@a(*) | @b(*)): a starts at 8ec5e912",
  "search(@a(*) | @b(*)): a starts at 2b191589",
  "search(@a(*) | @b(*)): a starts at 4bf5122f",
  "search(@a(*) | @b(*)): a starts at 9b3d4785",
  "search(@a(*) | @b(*)): a starts at af10ee92",
  "search(@a(*) | @b(*)): a starts at f8489ac1",
  "search(@a(*) | @b(*)): a starts at caf5ced3",
  "search(@a(*) | @b(*)): a starts at 8e4e62eb",
  "search(@a(*) | @b(*)): a starts at 202c10ef",
  "search(@a(*) | @b(*)): a starts at d3e0cc15",
  "search(@a(*) | @b(*)): a starts at 6dd16ba3",
  "search(@a(*) | @b(*)): a starts at f8489ac1",
  "search(@a(*) | @b(*)): a starts at d0e39e78",
  "search(@a(*) | @b(*)): a starts at 34c14941",
  "search(@a(*) | @b(*)): a starts at 0fcd6a39",
  "search(@a(*) | @b(*)): a starts at f106bad1",
  "search(@a(*) | @b(*)): b starts at 10d3de01",
  "search(@a(*) | @b(*)): b starts at 1f9ff098",
  "search(@a(*) | @b(*)): b starts at 9e3bff3a",
  "search(@a(*) | @b(*)): b starts at 21c21808",
  "search(@a(*) | @b(*)): b starts at 36c254d0",
  "search(@a(*) | @b(*)): b starts at 6e5d379f",
  "search(@a(*) | @b(*)): b starts at 639ae9bf",
  "search(@a(*) | @b(*)): b starts at 3c114201",
  "search(@a(*) | @b(*)): b starts at 5f82a16a",
  "search(@a(*) | @b(*)): b starts at fe4d5230",
  "search(@a(*) | @b(*)): b starts at 4a9b2e4d",
  "search(@a(*) | @b(*)): b starts at 222afe69",
  "search(@a(*) | @b(*)): b starts at cb67f31d",
  "search(@a(*) | @b(*)): b starts at 4d67bba0",
  "search(@a(*) | @b(*)): b starts at 2be2d79b",
  "search(@a(*) | @b(*)): b starts at 051beee6",
  "search(@a(*) | @b(*)): b starts at 5171cbaf",
  "search(@a(*) | @b(*)): b starts at 3976ef74",
  "search(@a(*) | @b(*)): b starts at 231b8527",
  "search(@a(*) | @b(*)): b starts at 54b3e1e7",
  "search(@a(*) | @b(*)): b starts at f13aa855",
  "search(@a(*) | @b(*)): b starts at dc0e9c36",
  "search(@a(*) | @b(*)): b starts at 5dc6d4e3",
  "search(@a(*) | @b(*)): b starts at 4395643b",
  "search(@a(*) | @b(*)): b starts at d6d0b768",
  "search(@a(*) | @b(*)): b starts at 68895d8e",
  "search(@a(*) | @b(*)): b starts at e6bf4dd3",
  "search(@a(*) | @b(*)): b starts at 543fcc09",
  "search(@a(*) | @b(*)): b starts at 8ec5e912",
  "search(@a(*) | @b(*)): b starts at 2b191589",
  "search(@a(*) | @b(*)): b starts at 4bf5122f",
  "search(@a(*) | @b(*)): b starts at 9b3d4785",
  "search(@a(*) | @b(*)): b starts at af10ee92",
  "search(@a(*) | @b(*)): b starts at f8489ac1",
  "search(@a(*) | @b(*)): b starts at caf5ced3",
  "search(@a(*) | @b(*)): b starts at 8e4e62eb",
  "search(@a(*) | @b(*)): b starts at 202c10ef",
  "search(@a(*) | @b(*)): b starts at d3e0cc15",
  "search(@a(*) | @b(*)): b starts at 6dd16ba3",
  "search(@a(*) | @b(*)): b starts at f8489ac1",
  "search(@a(*) | @b(*)): b starts at d0e39e78",
  "search(@a(*) | @b(*)): b starts at 34c14941",
  "search(@a(*) | @b(*)): b starts at 0fcd6a39",
  "search(@a(*) | @b(*)): b starts at f106bad1",
  "search(@a(assert) -> @o(obj)): a empty",
  "search(@a(assert) -> @o(obj)): a empty",
  "search(@a(assert) -> @o(obj)): a empty",
  "search(@a(assert) -> @o(obj)): a empty",
  "search(@a(assert) -> @o(obj)): a empty",
  "search(@a(assert) -> @o(obj)): o starts at 9bad2e1f",
  "search(@a(assert) -> @o(obj)): o starts at 922067f9",
  "search(@a(assert) -> @o(obj)): o starts at 9bad2e1f",
  "search(@a(assert) -> @o(obj)): o starts at 922067f9",
  "search(@a(assert) -> @o(obj)): o starts at 7f83f7bd",
  "search(@a(assert) -> @o(obj)): a empty",
  "search(@a(assert) -> @o(obj)): o starts at ea325d76",
  "search(@a(assert) -> @o(obj)): a empty",
  "search(@a(assert) -> @o(obj)): a empty",
  "search(@a(assert) -> @o(obj)): o starts at 14a206c0",
  "search(@a(assert) -> @o(obj)): o starts at 4bf5122f",
  "search(@a(assert) -> @o(obj)): a empty",
  "search(@a(assert) -> @o(obj)): a empty",
  "search(@a(assert) -> @o(obj)): a empty",
  "search(@a(assert) -> @o(obj)): a empty",
  "search(@a(assert) -> @o(obj)): o starts at afb8122e",
  "search(@a(assert) -> @o(obj)): o starts at 13b74194",
  "search(@a(assert) -> @o(obj)): o starts at afb8122e",
  "search(@a(assert) -> @o(obj)): o starts at 13b74194",
  "search(@a(assert) -> @o(obj)): a empty",
  "search(@a(assert) -> @o(obj)): a empty",
  "search(@a(assert) -> @o(obj)): a empty",
  "search(@a(assert) -> @o(obj)): a empty",
  "search(@a(assert) -> @o(obj)): o starts at afb8122e",
  "search(@a(assert) -> @o(obj)): o starts at 13b74194",
  "search(@a(assert) -> @o(obj)): o starts at afb8122e",
  "search(@a(assert) -> @o(obj)): o starts at 13b74194",
  "search(@a(assert) -> @o(obj)): a empty",
  "search(@a(assert) -> @o(obj)): a empty",
  "search(@a(assert) -> @o(obj)): a empty",
  "search(@a(assert) -> @o(obj)): a empty",
  "search(@a(assert) -> @o(obj)): a empty",
  "search(@a(assert) -> @o(obj)): a empty",
  "search(@a(assert) -> @o(obj)): a empty",
  "search(@a(assert) -> @o(obj)): a empty",
  "search(@a(assert) -> @o(obj)): a empty",
  "search(@a(assert) -> @o(obj)): a empty",
  "search(@a(assert) -> @o(obj)): a empty",
  "search(@a(assert) -> @o(obj)): a empty",
  "search(@a(assert) -> @o(obj)): a empty",
  "search(@a(assert) -> @o(obj)): a empty",
  "search(@a(assert) -> @o(obj)): a empty",
  "search(@a(assert) -> @o(obj)): a empty",
  "search(@a(assert) -> @o(obj)): a empty",
  "search(@a(assert) -> @o(obj)): a empty",
  "search(@a(assert) -> @o(obj)): a empty",
  "search(@a(assert) -> @o(obj)): a empty",
  "search(@a(assert) -> @o(obj)): a empty",
  "search(@a(assert) -> @o(obj)): a empty",
  "search(@a(assert) -> @o(obj)): a empty",
  "search(@a(assert) -> @o(obj)): a empty",
  "search(@a(assert) -> @o(obj)): a empty",
  "search(@a(assert) -> @o(obj)): a empty",
  "search(@a(assert) -> @o(obj)): a empty",
  "search(@a(assert) -> @o(obj)): a empty",
  "search(@a(assert) -> @o(obj)): a empty",
  "search(@a(assert) -> @o(obj)): a empty",
  "search(@a(assert) -> @o(obj)): a empty",
  "search(@a(assert) -> @o(obj)): a empty",
  "search(@a(assert) -> @o(obj)): a empty",
  "search(@a(assert) -> @o(obj)): a empty",
  "search(@a(assert) -> @o(obj)): a empty",
  "search(@a(assert) -> @o(obj)): a empty",
  "search(@a(assert) -> @o(obj)): a empty",
  "search(@a(assert) -> @o(obj)): a empty",
  "search(@a(assert) -> @o(obj)): a empty",
  "search(@a(assert) -> @o(obj)): a empty",
  "search(@a(assert) -> @o(obj)): a empty",
  "search(@a(assert) -> @o(obj)): a empty",
  "search(@a(assert) -> @o(obj)): a empty",
  "search(@a(assert) -> @o(obj)): a empty",
  "search(@a(assert) -> @o(obj)): a empty",
  "search(@a(assert) -> @o(obj)): a empty",
  "search(@a(assert) -> @o(obj)): a empty",
  "search(@a(assert) -> @o(obj)): a empty",
  "search(@a(assert) -> @o(obj)): a empty",
  "search(@a(assert) -> @o(obj)): a empty",
  "search(@a(assert) -> @o(obj)): a empty",
  "search(@a(assert) -> @o(obj)): a empty",
  "search(@a(assert) -> @o(obj)): a empty",
  "search(@a(assert) -> @o(obj)): a empty",
  "search(@a(assert) -> @o(obj)): a empty",
  "search(@a(assert) -> @o(obj)): a empty",
  "search(@a(assert) -> @o(obj)): a empty",
  "search(@a(assert) -> @o(obj)): a empty",
  "search(@a(assert) -> @o(obj)): a empty",
  "search(@a(assert) -> @o(obj)): a empty",
  "search(@a(assert) -> @o(obj)): a empty",
  "search(@a(assert) -> @o(obj)): a empty",
  "search(@a(assert) -> @o(obj)): a empty",
  "search(@a(assert) -> @o(obj)): a empty",
  "search(@a(assert) -> @o(obj)): a empty",
  "search(@a(assert) -> @o(obj)): a empty",
  "search(@a(assert) -> @o(obj)): a empty",
  "search(@a(assert) -> @o(obj)): a empty",
  "search(@a(assert) -> @o(obj)): a empty",
  "search(@a(assert) -> @o(obj)): a empty",
  "search(@a(assert) -> @o(obj)): a empty",
  "search(@a(assert) -> @o(obj)): a empty",
  "search(@a(assert) -> @o(obj)): a empty",
  "search(@a(assert) -> @o(obj)): a empty",
  "search(@a(assert) -> @o(obj)): a empty",
  "search(@a(assert) -> @o(obj)): a empty",
  "search(@a(assert) -> @o(obj)): a empty",
  "search(@a(assert) -> @o(obj)): a empty",
  "search(@a(assert) -> @o(obj)): a empty",
  "search(@a(assert) -> @o(obj)): a empty",
  "search(@a(assert) -> @o(obj)): a empty",
  "search(@a(assert) -> @o(obj)): a empty",
  "search(@a(assert) -> @o(obj)): a empty",
  "search(@a(assert) -> @o(obj)): a empty",
  "search(@a(assert) -> @o(obj)): a empty",
  "search(@a(assert) -> @o(obj)): a empty",
  "search(@a(assert) -> @o(obj)): a empty",
  "search(@a(assert) -> @o(obj)): a empty",
  "search(@a(assert) -> @o(obj)): a empty",
  "search(@a(assert) -> @o(obj)): a empty",
  "search(@a(assert) -> @o(obj)): a empty",
  "search(@a(assert) -> @o(obj)): a empty",
  "search(@a(assert) -> @o(obj)): a empty",
  "search(@a(assert) -> @o(obj)): a empty",
  "search(@a(assert) -> @o(obj)): a empty",
  "search(@a(assert) -> @o(obj)): a empty",
  "search(@a(assert) -> @o(obj)): a empty",
  "search(@a(assert) -> @o(obj)): a empty",
  "search(@a(assert) -> @o(obj)): a empty",
  "search(@a(assert) -> @o(obj)): a empty",
  "search(@a(assert) -> @o(obj)): a empty",
  "search(@a(assert) -> @o(obj)): a empty",
  "search(@a(assert) -> @o(obj)): a empty",
  "search(@a(assert) -> @o(obj)): a empty",
  "search(@a(assert) -> @o(obj)): a empty",
  "search(@a(assert) -> @o(obj)): a empty",
  "search(@a(assert) -> @o(obj)): a empty",
  "search(@a(assert) -> @o(obj)): a empty",
  "search(@a(assert) -> @o(obj)): a empty",
  "search(@a(assert) -> @o(obj)): a empty",
  "search(@a(assert) -> @o(obj)): a empty",
  "search(@a(assert) -> @o(obj)): a empty",
  "search(@a(assert) -> @o(obj)): a empty",
  "search(@a(assert) -> @o(obj)): a empty",
  "search(@a(assert) -> @o(obj)): a empty",
  "search(@a(assert) -> @o(obj)): a empty",
  "search(@a(assert) -> @o(obj)): a empty",
  "search(@a(assert) -> @o(obj)): a empty",
  "search(@a(assert) -> @o(obj)): a empty",
  "search(@a(assert) -> @o(obj)): a empty",
  "search(@a(assert) -> @o(obj)): a empty",
  "search(@a(assert) -> @o(obj)): a empty",
  "search(@a(assert) -> @o(obj)): a empty",
  "search(@a(assert) -> @o(obj)): a empty",
  "search(@a(assert) -> @o(obj)): a empty",
  "search(@a(assert) -> @o(obj)): a empty",
  "search(@a(assert) -> @o(obj)): a empty",
  "search(@a(assert) -> @o(obj)): a empty",
  "search(@a(assert) -> @o(obj)): a empty",
  "search(@a(assert) -> @o(obj)): a empty",
  "search(@a(assert) -> @o(obj)): a empty",
  "search(@a(assert) -> @o(obj)): a empty",
  "search(@a(assert) -> @o(obj)): a empty",
  "search(@a(assert) -> @o(obj)): a empty",
  "search(@a(assert) -> @o(obj)): a empty",
  "search(@a(assert) -> @o(obj)): a empty",
  "search(@a(assert) -> @o(obj)): a empty",
  "search(@a(assert) -> @o(obj)): a empty",
  "search(@a(assert) -> @o(obj)): a empty",
  "search(@a(assert) -> @o(obj)): a empty",
  "search(@a(assert) -> @o(obj)): a empty",
  "search(@a(assert) -> @o(obj)): a empty",
  "search(@a(assert) -> @o(obj)): a empty",
  "search(@a(assert) -> @o(obj)): a empty",
  "search(@a(assert) -> @o(obj)): a empty",
  "search(@a(assert) -> @o(obj)): a empty",
  "search(@a(assert) -> @o(obj)): a empty",
  "search(@a(assert) -> @o(obj)): a empty",
  "search(@a(assert) -> @o(obj)): a empty",
  "search(@a(assert) -> @o(obj)): a empty",
  "search(@a(assert) -> @o(obj)): a empty",
  "search(@a(assert) -> @o(obj)): a empty",
  "search(@a(assert) -> @o(obj)): a empty",
  "search(@a(assert) -> @o(obj)): a empty",
  "search(@a(assert) -> @o(obj)): a empty",
  "search(@a(assert) -> @o(obj)): a empty",
  "search(@a(assert) -> @o(obj)): a empty",
  "search(@a(assert) -> @o(obj)): a empty",
  "search(@a(assert) -> @o(obj)): a empty",
  "search(@a(assert) -> @o(obj)): a empty",
  "search(@a(assert) -> @o(obj)): a empty",
  "search(@a(assert) -> @o(obj)): a empty",
  "search(@a(assert) -> @o(obj)): a empty",
  "search(@a(assert) -> @o(obj)): a empty",
  "search(@a(assert) -> @o(obj)): a empty",
  "search(@a(assert) -> @o(obj)): a empty",
  "search(@a(assert) -> @o(obj)): a empty",
  "search(@a(assert) -> @o(obj)): a empty",
  "search(@a(assert) -> @o(obj)): a empty",
  "search(@a(assert) -> @o(obj)): a empty",
  "search(@a(assert) -> @o(obj)): a empty",
  "search(@a(assert) -> @o(obj)): a empty",
  "search(@a(assert) -> @o(obj)): a empty",
  "search(@a(assert) -> @o(obj)): o starts at 34c14941",
  "search(@a(assert) -> @o(obj)): o starts at f106bad1",
  "search(@a(assert) -> @o(obj)): o starts at 34c14941",
  "search(@a(assert) -> @o(obj)): o starts at f106bad1",
  "search(@a(assert) -> @o(obj)): o starts at 21c21808",
  "search(@a(assert) -> @o(obj)): o starts at f8489ac1",
  "search(@a(assert) -> @o(obj)): o starts at 202c10ef",
  "search(@a(assert) -> @o(obj)): o starts at f8489ac1",
  "search(@a(assert) -> @o(obj)): o starts at 4bf5122f",
  "search(@a(assert) -> @o(obj)): o starts at 543fcc09",
  "search(@a(assert) -> @o(obj)): o starts at d6d0b768",
  "search(@a(assert) -> @o(obj)): o starts at dc0e9c36",
  "search(@a(assert) -> @o(obj)): o starts at 231b8527",
  "search(@a(assert) -> @o(obj)): o starts at 051beee6",
  "search(@a(assert) -> @o(obj)): o starts at cb67f31d",
  "search(@a(assert) -> @o(obj)): o starts at fe4d5230",
  "search(@a(assert) -> @o(obj)): o starts at 639ae9bf",
  "search(@a(assert) -> @o(obj)): o starts at 21c21808",
  "search(@a(assert) -> @o(obj)): o starts at f8489ac1",
  "search(@a(assert) -> @o(obj)): o starts at 202c10ef",
  "search(@a(assert) -> @o(obj)): o starts at f8489ac1",
  "search(@a(assert) -> @o(obj)): o starts at 4bf5122f",
  "search(@a(assert) -> @o(obj)): o starts at 543fcc09",
  "search(@a(assert) -> @o(obj)): o starts at d6d0b768",
  "search(@a(assert) -> @o(obj)): o starts at dc0e9c36",
  "search(@a(assert) -> @o(obj)): o starts at 231b8527",
  "search(@a(assert) -> @o(obj)): o starts at 051beee6",
  "search(@a(assert) -> @o(obj)): o starts at cb67f31d",
  "search(@a(assert) -> @o(obj)): o starts at fe4d5230",
  "search(@a(assert) -> @o(obj)): o starts at 639ae9bf",
  "search(@a(assert) -> @o(obj)): o starts at 21c21808",
  "search(@a(assert) -> @o(obj)): o starts at f8489ac1",
  "search(@a(assert) -> @o(obj)): o starts at 202c10ef",
  "search(@a(assert) -> @o(obj)): o starts at f8489ac1",
  "search(@a(assert) -> @o(obj)): o starts at 4bf5122f",
  "search(@a(assert) -> @o(obj)): o starts at 543fcc09",
  "search(@a(assert) -> @o(obj)): o starts at d6d0b768",
  "search(@a(assert) -> @o(obj)): o starts at dc0e9c36",
  "search(@a(assert) -> @o(obj)): o starts at 231b8527",
  "search(@a(assert) -> @o(obj)): o starts at 051beee6",
  "search(@a(assert) -> @o(obj)): o starts at cb67f31d",
  "search(@a(assert) -> @o(obj)): o starts at fe4d5230",
  "search(@a(assert) -> @o(obj)): o starts at 639ae9bf",
  "search(@a(assert) -> @o(obj)): o starts at 21c21808",
  "search(@a(assert) -> @o(obj)): o starts at f8489ac1",
  "search(@a(assert) -> @o(obj)): o starts at 202c10ef",
  "search(@a(assert) -> @o(obj)): o starts at f8489ac1",
  "search(@a(assert) -> @o(obj)): o starts at 4bf5122f",
  "search(@a(assert) -> @o(obj)): o starts at 543fcc09",
  "search(@a(assert) -> @o(obj)): o starts at d6d0b768",
  "search(@a(assert) -> @o(obj)): o starts at dc0e9c36",
  "search(@a(assert) -> @o(obj)): o starts at 231b8527",
  "search(@a(assert) -> @o(obj)): o starts at 051beee6",
  "search(@a(assert) -> @o(obj)): o starts at cb67f31d",
  "search(@a(assert) -> @o(obj)): o starts at fe4d5230",
  "search(@a(assert) -> @o(obj)): o starts at 639ae9bf",
  "search(@a(assert) -> @o(obj)): o starts at 21c21808",
  "search(@a(assert) -> @o(obj)): o starts at f8489ac1",
  "search(@a(assert) -> @o(obj)): o starts at 202c10ef",
  "search(@a(assert) -> @o(obj)): o starts at f8489ac1",
  "search(@a(assert) -> @o(obj)): o starts at 4bf5122f",
  "search(@a(assert) -> @o(obj)): o starts at 543fcc09",
  "search(@a(assert) -> @o(obj)): o starts at d6d0b768",
  "search(@a(assert) -> @o(obj)): o starts at dc0e9c36",
  "search(@a(assert) -> @o(obj)): o starts at 231b8527",
  "search(@a(assert) -> @o(obj)): o starts at 051beee6",
  "search(@a(assert) -> @o(obj)): o starts at cb67f31d",
  "search(@a(assert) -> @o(obj)): o starts at fe4d5230",
  "search(@a(assert) -> @o(obj)): o starts at 639ae9bf",
  "search(@a(assert) -> @o(obj)): o starts at 21c21808",
  "search(@a(assert) -> @o(obj)): o starts at f8489ac1",
  "search(@a(assert) -> @o(obj)): o starts at 202c10ef",
  "search(@a(assert) -> @o(obj)): o starts at f8489ac1",
  "search(@a(assert) -> @o(obj)): o starts at 4bf5122f",
  "search(@a(assert) -> @o(obj)): o starts at 543fcc09",
  "search(@a(assert) -> @o(obj)): o starts at d6d0b768",
  "search(@a(assert) -> @o(obj)): o starts at dc0e9c36",
  "search(@a(assert) -> @o(obj)): o starts at 231b8527",
  "search(@a(assert) -> @o(obj)): o starts at 051beee6",
  "search(@a(assert) -> @o(obj)): o starts at cb67f31d",
  "search(@a(assert) -> @o(obj)): o starts at fe4d5230",
  "search(@a(assert) -> @o(obj)): o starts at 639ae9bf",
  "search(@a(assert) -> @o(obj)): o starts at 21c21808",
  "search(@a(assert) -> @o(obj)): o starts at f8489ac1",
  "search(@a(assert) -> @o(obj)): o starts at 202c10ef",
  "search(@a(assert) -> @o(obj)): o starts at f8489ac1",
  "search(@a(assert) -> @o(obj)): o starts at 4bf5122f",
  "search(@a(assert) -> @o(obj)): o starts at 543fcc09",
  "search(@a(assert) -> @o(obj)): o starts at d6d0b768",
  "search(@a(assert) -> @o(obj)): o starts at dc0e9c36",
  "search(@a(assert) -> @o(obj)): o starts at 231b8527",
  "search(@a(assert) -> @o(obj)): o starts at 051beee6",
  "search(@a(assert) -> @o(obj)): o starts at cb67f31d",
  "search(@a(assert) -> @o(obj)): o starts at fe4d5230",
  "search(@a(assert) -> @o(obj)): o starts at 639ae9bf",
  "search(@a(assert) -> @o(obj)): o starts at 21c21808",
  "search(@a(assert) -> @o(obj)): o starts at f8489ac1",
  "search(@a(assert) -> @o(obj)): o starts at 202c10ef",
  "search(@a(assert) -> @o(obj)): o starts at f8489ac1",
  "search(@a(assert) -> @o(obj)): o starts at 4bf5122f",
  "search(@a(assert) -> @o(obj)): o starts at 543fcc09",
  "search(@a(assert) -> @o(obj)): o starts at d6d0b768",
  "search(@a(assert) -> @o(obj)): o starts at dc0e9c36",
  "search(@a(assert) -> @o(obj)): o starts at 231b8527",
  "search(@a(assert) -> @o(obj)): o starts at 051beee6",
  "search(@a(assert) -> @o(obj)): o starts at cb67f31d",
  "search(@a(assert) -> @o(obj)): o starts at fe4d5230",
  "search(@a(assert) -> @o(obj)): o starts at 639ae9bf",
  "search(@a(assert) -> @o(obj)): o starts at 21c21808",
  "search(@a(assert) -> @o(obj)): o starts at f8489ac1",
  "search(@a(assert) -> @o(obj)): o starts at 202c10ef",
  "search(@a(assert) -> @o(obj)): o starts at f8489ac1",
  "search(@a(assert) -> @o(obj)): o starts at 4bf5122f",
  "search(@a(assert) -> @o(obj)): o starts at 543fcc09",
  "search(@a(assert) -> @o(obj)): o starts at d6d0b768",
  "search(@a(assert) -> @o(obj)): o starts at dc0e9c36",
  "search(@a(assert) -> @o(obj)): o starts at 231b8527",
  "search(@a(assert) -> @o(obj)): o starts at 051beee6",
  "search(@a(assert) -> @o(obj)): o starts at cb67f31d",
  "search(@a(assert) -> @o(obj)): o starts at fe4d5230",
  "search(@a(assert) -> @o(obj)): o starts at 639ae9bf",
  "search(@a(assert) -> @o(obj)): o starts at 21c21808",
  "search(@a(assert) -> @o(obj)): o starts at f8489ac1",
  "search(@a(assert) -> @o(obj)): o starts at 202c10ef",
  "search(@a(assert) -> @o(obj)): o starts at f8489ac1",
  "search(@a(assert) -> @o(obj)): o starts at 4bf5122f",
  "search(@a(assert) -> @o(obj)): o starts at 543fcc09",
  "search(@a(assert) -> @o(obj)): o starts at d6d0b768",
  "search(@a(assert) -> @o(obj)): o starts at dc0e9c36",
  "search(@a(assert) -> @o(obj)): o starts at 231b8527",
  "search(@a(assert) -> @o(obj)): o starts at 051beee6",
  "search(@a(assert) -> @o(obj)): o starts at cb67f31d",
  "search(@a(assert) -> @o(obj)): o starts at fe4d5230",
  "search(@a(assert) -> @o(obj)): o starts at 639ae9bf",
  "search(@a(assert) -> @o(obj)): o starts at 21c21808",
  "search(@a(assert) -> @o(obj)): o starts at f8489ac1",
  "search(@a(assert) -> @o(obj)): o starts at 202c10ef",
  "search(@a(assert) -> @o(obj)): o starts at f8489ac1",
  "search(@a(assert) -> @o(obj)): o starts at 4bf5122f",
  "search(@a(assert) -> @o(obj)): o starts at 543fcc09",
  "search(@a(assert) -> @o(obj)): o starts at d6d0b768",
  "search(@a(assert) -> @o(obj)): o starts at dc0e9c36",
  "search(@a(assert) -> @o(obj)): o starts at 231b8527",
  "search(@a(assert) -> @o(obj)): o starts at 051beee6",
  "search(@a(assert) -> @o(obj)): o starts at cb67f31d",
  "search(@a(assert) -> @o(obj)): o starts at fe4d5230",
  "search(@a(assert) -> @o(obj)): o starts at 639ae9bf",
  "search(@a(assert) -> @o(obj)): o starts at 21c21808",
  "search(@a(assert) -> @o(obj)): o starts at f8489ac1",
  "search(@a(assert) -> @o(obj)): o starts at 202c10ef",
  "search(@a(assert) -> @o(obj)): o starts at f8489ac1",
  "search(@a(assert) -> @o(obj)): o starts at 4bf5122f",
  "search(@a(assert) -> @o(obj)): o starts at 543fcc09",
  "search(@a(assert) -> @o(obj)): o starts at d6d0b768",
  "search(@a(assert) -> @o(obj)): o starts at dc0e9c36",
  "search(@a(assert) -> @o(obj)): o starts at 231b8527",
  "search(@a(assert) -> @o(obj)): o starts at 051beee6",
  "search(@a(assert) -> @o(obj)): o starts at cb67f31d",
  "search(@a(assert) -> @o(obj)): o starts at fe4d5230",
  "search(@a(assert) -> @o(obj)): o starts at 639ae9bf",
  "search(@a(assert) -> @o(obj)): o starts at 21c21808",
  "search(@a(assert) -> @o(obj)): o starts at f8489ac1",
  "search(@a(assert) -> @o(obj)): o starts at 202c10ef",
  "search(@a(assert) -> @o(obj)): o starts at f8489ac1",
  "search(@a(assert) -> @o(obj)): o starts at 4bf5122f",
  "search(@a(assert) -> @o(obj)): o starts at 543fcc09",
  "search(@a(assert) -> @o(obj)): o starts at d6d0b768",
  "search(@a(assert) -> @o(obj)): o starts at dc0e9c36",
  "search(@a(assert) -> @o(obj)): o starts at 231b8527",
  "search(@a(assert) -> @o(obj)): o starts at 051beee6",
  "search(@a(assert) -> @o(obj)): o starts at cb67f31d",
  "search(@a(assert) -> @o(obj)): o starts at fe4d5230",
  "search(@a(assert) -> @o(obj)): o starts at 639ae9bf",
  "search(@a(text) & @b(*)): a starts at 9bad2e1f",
  "search(@a(text) & @b(*)): a starts at 0694f835",
  "search(@a(text) & @b(*)): a starts at 922067f9",
  "search(@a(text) & @b(*)): a starts at d2296f6e",
  "search(@a(text) & @b(*)): a starts at 0f23a8ee",
  "search(@a(text) & @b(*)): b starts at 9bad2e1f",
  "search(@a(text) & @b(*)): b starts at 0694f835",
  "search(@a(text) & @b(*)): b starts at 922067f9",
  "search(@a(text) & @b(*)): b starts at d2296f6e",
  "search(@a(text) & @b(*)): b starts at 0f23a8ee",
  "search(@a(text) & @b(*)): a starts at 33bfa2a2",
  "search(@a(text) & @b(*)): a starts at ea325d76",
  "search(@a(text) & @b(*)): b starts at 33bfa2a2",
  "search(@a(text) & @b(*)): b starts at ea325d76",
  "search(@a(text) & @b(*)): a starts at 7978f506",
  "search(@a(text) & @b(*)): a starts at 14a206c0",
  "search(@a(text) & @b(*)): a starts at 2dd41130",
  "search(@a(text) & @b(*)): a starts at dd9603a1",
  "search(@a(text) & @b(*)): b starts at 7978f506",
  "search(@a(text) & @b(*)): b starts at 14a206c0",
  "search(@a(text) & @b(*)): b starts at 2dd41130",
  "search(@a(text) & @b(*)): b starts at dd9603a1",
  "search(@a(text) & @b(*)): a starts at db7dd21c",
  "search(@a(text) & @b(*)): a starts at afb8122e",
  "search(@a(text) & @b(*)): a starts at db7dd21c",
  "search(@a(text) & @b(*)): b starts at db7dd21c",
  "search(@a(text) & @b(*)): b starts at afb8122e",
  "search(@a(text) & @b(*)): b starts at db7dd21c",
  "search(@a(text) & @b(*)): a starts at db7dd21c",
  "search(@a(text) & @b(*)): a starts at afb8122e",
  "search(@a(text) & @b(*)): a starts at db7dd21c",
  "search(@a(text) & @b(*)): a starts at 13b74194",
  "search(@a(text) & @b(*)): b starts at db7dd21c",
  "search(@a(text) & @b(*)): b starts at afb8122e",
  "search(@a(text) & @b(*)): b starts at db7dd21c",
  "search(@a(text) & @b(*)): b starts at 13b74194",
  "search(@a(text) & @b(*)): a starts at 9e3bff3a",
  "search(@a(text) & @b(*)): a starts at 21c21808",
  "search(@a(text) & @b(*)): a starts at 6e5d379f",
  "search(@a(text) & @b(*)): a starts at 5f82a16a",
  "search(@a(text) & @b(*)): a starts at fe4d5230",
  "search(@a(text) & @b(*)): a starts at 222afe69",
  "search(@a(text) & @b(*)): a starts at 051beee6",
  "search(@a(text) & @b(*)): a starts at 3976ef74",
  "search(@a(text) & @b(*)): a starts at 231b8527",
  "search(@a(text) & @b(*)): a starts at f13aa855",
  "search(@a(text) & @b(*)): a starts at 4395643b",
  "search(@a(text) & @b(*)): a starts at d6d0b768",
  "search(@a(text) & @b(*)): a starts at e6bf4dd3",
  "search(@a(text) & @b(*)): a starts at 2b191589",
  "search(@a(text) & @b(*)): a starts at f8489ac1",
  "search(@a(text) & @b(*)): a starts at 8e4e62eb",
  "search(@a(text) & @b(*)): a starts at 202c10ef",
  "search(@a(text) & @b(*)): a starts at f8489ac1",
  "search(@a(text) & @b(*)): a starts at f106bad1",
  "search(@a(text) & @b(*)): b starts at 9e3bff3a",
  "search(@a(text) & @b(*)): b starts at 21c21808",
  "search(@a(text) & @b(*)): b starts at 6e5d379f",
  "search(@a(text) & @b(*)): b starts at 5f82a16a",
  "search(@a(text) & @b(*)): b starts at fe4d5230",
  "search(@a(text) & @b(*)): b starts at 222afe69",
  "search(@a(text) & @b(*)): b starts at 051beee6",
  "search(@a(text) & @b(*)): b starts at 3976ef74",
  "search(@a(text) & @b(*)): b starts at 231b8527",
  "search(@a(text) & @b(*)): b starts at f13aa855",
  "search(@a(text) & @b(*)): b starts at 4395643b",
  "search(@a(text) & @b(*)): b starts at d6d0b768",
  "search(@a(text) & @b(*)): b starts at e6bf4dd3",
  "search(@a(text) & @b(*)): b starts at 2b191589",
  "search(@a(text) & @b(*)): b starts at f8489ac1",
  "search(@a(text) & @b(*)): b starts at 8e4e62eb",
  "search(@a(text) & @b(*)): b starts at 202c10ef",
  "search(@a(text) & @b(*)): b starts at f8489ac1",
  "search(@a(text) & @b(*)): b starts at f106bad1",
  "search(@cap(assertpred("firstName") -> obj("James"))): cap starts at 5dc6d4e3",
  "search(@n(node) -> @s(subj)): n empty",
  "search(@n(node) -> @s(subj)): n empty",
  "search(@n(node) -> @s(subj)): s starts at 922067f9",
  "search(@n(node) -> @s(subj)): n empty",
  "search(@n(node) -> @s(subj)): n empty",
  "search(@n(node) -> @s(subj)): n empty",
  "search(@n(node) -> @s(subj)): s starts at 14a206c0",
  "search(@n(node) -> @s(subj)): n empty",
  "search(@n(node) -> @s(subj)): n empty",
  "search(@n(node) -> @s(subj)): n empty",
  "search(@n(node) -> @s(subj)): n empty",
  "search(@x(*)) -> *: x starts at 2be2d79b",
  "search(@x(*)) -> *: x starts at 9bad2e1f",
  "search(@x(*)) -> *: x starts at 0694f835",
  "search(@x(*)) -> *: x starts at 922067f9",
  "search(@x(*)) -> *: x starts at d2296f6e",
  "search(@x(*)) -> *: x starts at f89d325a",
  "search(@x(*)) -> *: x starts at 0f23a8ee",
  "search(@x(*)) -> *: x starts at 7f83f7bd",
  "search(@x(*)) -> *: x starts at 33bfa2a2",
  "search(@x(*)) -> *: x starts at ea325d76",
  "search(@x(*)) -> *: x starts at 7978f506",
  "search(@x(*)) -> *: x starts at 14a206c0",
  "search(@x(*)) -> *: x starts at 2dd41130",
  "search(@x(*)) -> *: x starts at 81ff2c2b",
  "search(@x(*)) -> *: x starts at dd9603a1",
  "search(@x(*)) -> *: x starts at 4bf5122f",
  "search(@x(*)) -> *: x starts at db7dd21c",
  "search(@x(*)) -> *: x starts at afb8122e",
  "search(@x(*)) -> *: x starts at db7dd21c",
  "search(@x(*)) -> *: x starts at 13b74194",
  "search(@x(*)) -> *: x starts at db7dd21c",
  "search(@x(*)) -> *: x starts at afb8122e",
  "search(@x(*)) -> *: x starts at db7dd21c",
  "search(@x(*)) -> *: x starts at 13b74194",
  "search(@x(*)) -> *: x starts at 10d3de01",
  "search(@x(*)) -> *: x starts at 1f9ff098",
  "search(@x(*)) -> *: x starts at 9e3bff3a",
  "search(@x(*)) -> *: x starts at 21c21808",
  "search(@x(*)) -> *: x starts at 36c254d0",
  "search(@x(*)) -> *: x starts at 6e5d379f",
  "search(@x(*)) -> *: x starts at 639ae9bf",
  "search(@x(*)) -> *: x starts at 3c114201",
  "search(@x(*)) -> *: x starts at 5f82a16a",
  "search(@x(*)) -> *: x starts at fe4d5230",
  "search(@x(*)) -> *: x starts at 4a9b2e4d",
  "search(@x(*)) -> *: x starts at 222afe69",
  "search(@x(*)) -> *: x starts at cb67f31d",
  "search(@x(*)) -> *: x starts at 4d67bba0",
  "search(@x(*)) -> *: x starts at 2be2d79b",
  "search(@x(*)) -> *: x starts at 051beee6",
  "search(@x(*)) -> *: x starts at 5171cbaf",
  "search(@x(*)) -> *: x starts at 3976ef74",
  "search(@x(*)) -> *: x starts at 231b8527",
  "search(@x(*)) -> *: x starts at 54b3e1e7",
  "search(@x(*)) -> *: x starts at f13aa855",
  "search(@x(*)) -> *: x starts at dc0e9c36",
  "search(@x(*)) -> *: x starts at 5dc6d4e3",
  "search(@x(*)) -> *: x starts at 4395643b",
  "search(@x(*)) -> *: x starts at d6d0b768",
  "search(@x(*)) -> *: x starts at 68895d8e",
  "search(@x(*)) -> *: x starts at e6bf4dd3",
  "search(@x(*)) -> *: x starts at 543fcc09",
  "search(@x(*)) -> *: x starts at 8ec5e912",
  "search(@x(*)) -> *: x starts at 2b191589",
  "search(@x(*)) -> *: x starts at 4bf5122f",
  "search(@x(*)) -> *: x starts at 9b3d4785",
  "search(@x(*)) -> *: x starts at af10ee92",
  "search(@x(*)) -> *: x starts at f8489ac1",
  "search(@x(*)) -> *: x starts at caf5ced3",
  "search(@x(*)) -> *: x starts at 8e4e62eb",
  "search(@x(*)) -> *: x starts at 202c10ef",
  "search(@x(*)) -> *: x starts at d3e0cc15",
  "search(@x(*)) -> *: x starts at 6dd16ba3",
  "search(@x(*)) -> *: x starts at f8489ac1",
  "search(@x(*)) -> *: x starts at d0e39e78",
  "search(@x(*)) -> *: x starts at 34c14941",
  "search(@x(*)) -> *: x starts at 0fcd6a39",
  "search(@x(*)) -> *: x starts at f106bad1",
  "search(subj(@a(@b(*)))): a starts at 2be2d79b",
  "search(subj(@a(@b(*)))): a starts at 9bad2e1f",
  "search(subj(@a(@b(*)))): a starts at 0694f835",
  "search(subj(@a(@b(*)))): a starts at d2296f6e",
  "search(subj(@a(@b(*)))): a starts at f89d325a",
  "search(subj(@a(@b(*)))): a starts at 0f23a8ee",
  "search(subj(@a(@b(*)))): a starts at 7f83f7bd",
  "search(subj(@a(@b(*)))): b starts at 2be2d79b",
  "search(subj(@a(@b(*)))): b starts at 9bad2e1f",
  "search(subj(@a(@b(*)))): b starts at 0694f835",
  "search(subj(@a(@b(*)))): b starts at d2296f6e",
  "search(subj(@a(@b(*)))): b starts at f89d325a",
  "search(subj(@a(@b(*)))): b starts at 0f23a8ee",
  "search(subj(@a(@b(*)))): b starts at 7f83f7bd",
  "search(subj(@a(@b(*)))): a starts at 33bfa2a2",
  "search(subj(@a(@b(*)))): a starts at ea325d76",
  "search(subj(@a(@b(*)))): b starts at 33bfa2a2",
  "search(subj(@a(@b(*)))): b starts at ea325d76",
  "search(subj(@a(@b(*)))): a starts at 7978f506",
  "search(subj(@a(@b(*)))): a starts at 2dd41130",
  "search(subj(@a(@b(*)))): a starts at 81ff2c2b",
  "search(subj(@a(@b(*)))): a starts at dd9603a1",
  "search(subj(@a(@b(*)))): a starts at 4bf5122f",
  "search(subj(@a(@b(*)))): b starts at 7978f506",
  "search(subj(@a(@b(*)))): b starts at 2dd41130",
  "search(subj(@a(@b(*)))): b starts at 81ff2c2b",
  "search(subj(@a(@b(*)))): b starts at dd9603a1",
  "search(subj(@a(@b(*)))): b starts at 4bf5122f",
  "search(subj(@a(@b(*)))): a starts at db7dd21c",
  "search(subj(@a(@b(*)))): a starts at afb8122e",
  "search(subj(@a(@b(*)))): a starts at db7dd21c",
  "search(subj(@a(@b(*)))): a starts at 13b74194",
  "search(subj(@a(@b(*)))): b starts at db7dd21c",
  "search(subj(@a(@b(*)))): b starts at afb8122e",
  "search(subj(@a(@b(*)))): b starts at db7dd21c",
  "search(subj(@a(@b(*)))): b starts at 13b74194",
  "search(subj(@a(@b(*)))): a starts at db7dd21c",
  "search(subj(@a(@b(*)))): a starts at afb8122e",
  "search(subj(@a(@b(*)))): a starts at db7dd21c",
  "search(subj(@a(@b(*)))): a starts at 13b74194",
  "search(subj(@a(@b(*)))): b starts at db7dd21c",
  "search(subj(@a(@b(*)))): b starts at afb8122e",
  "search(subj(@a(@b(*)))): b starts at db7dd21c",
  "search(subj(@a(@b(*)))): b starts at 13b74194",
  "search(subj(@a(@b(*)))): a starts at 10d3de01",
  "search(subj(@a(@b(*)))): a starts at 1f9ff098",
  "search(subj(@a(@b(*)))): a starts at 9e3bff3a",
  "search(subj(@a(@b(*)))): a starts at 21c21808",
  "search(subj(@a(@b(*)))): a starts at 36c254d0",
  "search(subj(@a(@b(*)))): a starts at 6e5d379f",
  "search(subj(@a(@b(*)))): a starts at 639ae9bf",
  "search(subj(@a(@b(*)))): a starts at 3c114201",
  "search(subj(@a(@b(*)))): a starts at 5f82a16a",
  "search(subj(@a(@b(*)))): a starts at fe4d5230",
  "search(subj(@a(@b(*)))): a starts at 4a9b2e4d",
  "search(subj(@a(@b(*)))): a starts at 222afe69",
  "search(subj(@a(@b(*)))): a starts at cb67f31d",
  "search(subj(@a(@b(*)))): a starts at 4d67bba0",
  "search(subj(@a(@b(*)))): a starts at 2be2d79b",
  "search(subj(@a(@b(*)))): a starts at 051beee6",
  "search(subj(@a(@b(*)))): a starts at 5171cbaf",
  "search(subj(@a(@b(*)))): a starts at 3976ef74",
  "search(subj(@a(@b(*)))): a starts at 231b8527",
  "search(subj(@a(@b(*)))): a starts at 54b3e1e7",
  "search(subj(@a(@b(*)))): a starts at f13aa855",
  "search(subj(@a(@b(*)))): a starts at dc0e9c36",
  "search(subj(@a(@b(*)))): a starts at 5dc6d4e3",
  "search(subj(@a(@b(*)))): a starts at 4395643b",
  "search(subj(@a(@b(*)))): a starts at d6d0b768",
  "search(subj(@a(@b(*)))): a starts at 68895d8e",
  "search(subj(@a(@b(*)))): a starts at e6bf4dd3",
  "search(subj(@a(@b(*)))): a starts at 543fcc09",
  "search(subj(@a(@b(*)))): a starts at 8ec5e912",
  "search(subj(@a(@b(*)))): a starts at 2b191589",
  "search(subj(@a(@b(*)))): a starts at 4bf5122f",
  "search(subj(@a(@b(*)))): a starts at 9b3d4785",
  "search(subj(@a(@b(*)))): a starts at af10ee92",
  "search(subj(@a(@b(*)))): a starts at f8489ac1",
  "search(subj(@a(@b(*)))): a starts at caf5ced3",
  "search(subj(@a(@b(*)))): a starts at 8e4e62eb",
  "search(subj(@a(@b(*)))): a starts at 202c10ef",
  "search(subj(@a(@b(*)))): a starts at d3e0cc15",
  "search(subj(@a(@b(*)))): a starts at 6dd16ba3",
  "search(subj(@a(@b(*)))): a starts at f8489ac1",
  "search(subj(@a(@b(*)))): a starts at d0e39e78",
  "search(subj(@a(@b(*)))): a starts at 34c14941",
  "search(subj(@a(@b(*)))): a starts at 0fcd6a39",
  "search(subj(@a(@b(*)))): a starts at f106bad1",
  "search(subj(@a(@b(*)))): b starts at 10d3de01",
  "search(subj(@a(@b(*)))): b starts at 1f9ff098",
  "search(subj(@a(@b(*)))): b starts at 9e3bff3a",
  "search(subj(@a(@b(*)))): b starts at 21c21808",
  "search(subj(@a(@b(*)))): b starts at 36c254d0",
  "search(subj(@a(@b(*)))): b starts at 6e5d379f",
  "search(subj(@a(@b(*)))): b starts at 639ae9bf",
  "search(subj(@a(@b(*)))): b starts at 3c114201",
  "search(subj(@a(@b(*)))): b starts at 5f82a16a",
  "search(subj(@a(@b(*)))): b starts at fe4d5230",
  "search(subj(@a(@b(*)))): b starts at 4a9b2e4d",
  "search(subj(@a(@b(*)))): b starts at 222afe69",
  "search(subj(@a(@b(*)))): b starts at cb67f31d",
  "search(subj(@a(@b(*)))): b starts at 4d67bba0",
  "search(subj(@a(@b(*)))): b starts at 2be2d79b",
  "search(subj(@a(@b(*)))): b starts at 051beee6",
  "search(subj(@a(@b(*)))): b starts at 5171cbaf",
  "search(subj(@a(@b(*)))): b starts at 3976ef74",
  "search(subj(@a(@b(*)))): b starts at 231b8527",
  "search(subj(@a(@b(*)))): b starts at 54b3e1e7",
  "search(subj(@a(@b(*)))): b starts at f13aa855",
  "search(subj(@a(@b(*)))): b starts at dc0e9c36",
  "search(subj(@a(@b(*)))): b starts at 5dc6d4e3",
  "search(subj(@a(@b(*)))): b starts at 4395643b",
  "search(subj(@a(@b(*)))): b starts at d6d0b768",
  "search(subj(@a(@b(*)))): b starts at 68895d8e",
  "search(subj(@a(@b(*)))): b starts at e6bf4dd3",
  "search(subj(@a(@b(*)))): b starts at 543fcc09",
  "search(subj(@a(@b(*)))): b starts at 8ec5e912",
  "search(subj(@a(@b(*)))): b starts at 2b191589",
  "search(subj(@a(@b(*)))): b starts at 4bf5122f",
  "search(subj(@a(@b(*)))): b starts at 9b3d4785",
  "search(subj(@a(@b(*)))): b starts at af10ee92",
  "search(subj(@a(@b(*)))): b starts at f8489ac1",
  "search(subj(@a(@b(*)))): b starts at caf5ced3",
  "search(subj(@a(@b(*)))): b starts at 8e4e62eb",
  "search(subj(@a(@b(*)))): b starts at 202c10ef",
  "search(subj(@a(@b(*)))): b starts at d3e0cc15",
  "search(subj(@a(@b(*)))): b starts at 6dd16ba3",
  "search(subj(@a(@b(*)))): b starts at f8489ac1",
  "search(subj(@a(@b(*)))): b starts at d0e39e78",
  "search(subj(@a(@b(*)))): b starts at 34c14941",
  "search(subj(@a(@b(*)))): b starts at 0fcd6a39",
  "search(subj(@a(@b(*)))): b starts at f106bad1",
  "search(subj(@c(text))): c starts at 9bad2e1f",
  "search(subj(@c(text))): c starts at 0694f835",
  "search(subj(@c(text))): c starts at d2296f6e",
  "search(subj(@c(text))): c starts at 0f23a8ee",
  "search(subj(@c(text))): c starts at 33bfa2a2",
  "search(subj(@c(text))): c starts at ea325d76",
  "search(subj(@c(text))): c starts at 7978f506",
  "search(subj(@c(text))): c starts at 2dd41130",
  "search(subj(@c(text))): c starts at dd9603a1",
  "search(subj(@c(text))): c starts at db7dd21c",
  "search(subj(@c(text))): c starts at afb8122e",
  "search(subj(@c(text))): c starts at db7dd21c",
  "search(subj(@c(text))): c starts at db7dd21c",
  "search(subj(@c(text))): c starts at afb8122e",
  "search(subj(@c(text))): c starts at db7dd21c",
  "search(subj(@c(text))): c starts at 13b74194",
  "search(subj(@c(text))): c starts at 9e3bff3a",
  "search(subj(@c(text))): c starts at 21c21808",
  "search(subj(@c(text))): c starts at 6e5d379f",
  "search(subj(@c(text))): c starts at 5f82a16a",
  "search(subj(@c(text))): c starts at fe4d5230",
  "search(subj(@c(text))): c starts at 222afe69",
  "search(subj(@c(text))): c starts at 051beee6",
  "search(subj(@c(text))): c starts at 3976ef74",
  "search(subj(@c(text))): c starts at 231b8527",
  "search(subj(@c(text))): c starts at f13aa855",
  "search(subj(@c(text))): c starts at 4395643b",
  "search(subj(@c(text))): c starts at d6d0b768",
  "search(subj(@c(text))): c starts at e6bf4dd3",
  "search(subj(@c(text))): c starts at 2b191589",
  "search(subj(@c(text))): c starts at f8489ac1",
  "search(subj(@c(text))): c starts at 8e4e62eb",
  "search(subj(@c(text))): c starts at 202c10ef",
  "search(subj(@c(text))): c starts at f8489ac1",
  "search(subj(@c(text))): c starts at f106bad1",
  "subj(search(@c(text))): c starts at 9e3bff3a",
  "subj(search(@c(text))): c starts at 21c21808",
  "subj(search(@c(text))): c starts at 6e5d379f",
  "subj(search(@c(text))): c starts at 5f82a16a",
  "subj(search(@c(text))): c starts at fe4d5230",
  "subj(search(@c(text))): c starts at 222afe69",
  "subj(search(@c(text))): c starts at 051beee6",
  "subj(search(@c(text))): c starts at 3976ef74",
  "subj(search(@c(text))): c starts at 231b8527",
  "subj(search(@c(text))): c starts at f13aa855",
  "subj(search(@c(text))): c starts at 4395643b",
  "subj(search(@c(text))): c starts at d6d0b768",
  "subj(search(@c(text))): c starts at e6bf4dd3",
  "subj(search(@c(text))): c starts at 2b191589",
  "subj(search(@c(text))): c starts at f8489ac1",
  "subj(search(@c(text))): c starts at 8e4e62eb",
  "subj(search(@c(text))): c starts at 202c10ef",
  "subj(search(@c(text))): c starts at f8489ac1",
  "unwrap(search(@c(text))): c starts at 9e3bff3a",
  "unwrap(search(@c(text))): c starts at 21c21808",
  "unwrap(search(@c(text))): c starts at 6e5d379f",
  "unwrap(search(@c(text))): c starts at 5f82a16a",
  "unwrap(search(@c(text))): c starts at fe4d5230",
  "unwrap(search(@c(text))): c starts at 222afe69",
  "unwrap(search(@c(text))): c starts at 051beee6",
  "unwrap(search(@c(text))): c starts at 3976ef74",
  "unwrap(search(@c(text))): c starts at 231b8527",
  "unwrap(search(@c(text))): c starts at f13aa855",
  "unwrap(search(@c(text))): c starts at 4395643b",
  "unwrap(search(@c(text))): c starts at d6d0b768",
  "unwrap(search(@c(text))): c starts at e6bf4dd3",
  "unwrap(search(@c(text))): c starts at 2b191589",
  "unwrap(search(@c(text))): c starts at f8489ac1",
  "unwrap(search(@c(text))): c starts at 8e4e62eb",
  "unwrap(search(@c(text))): c starts at 202c10ef",
  "unwrap(search(@c(text))): c starts at f8489ac1",
]
`;

exports[`properties > every path is a walk from the root, and matches ⇔ paths non-empty 1`] = `
[
  "(node -> assert -> obj)* -> text on 842ecdce: step 2 is not a child",
  "search(@a(assert) -> @o(obj)) on 842ecdce: step 2 is not a child",
]
`;
